********************************************************************************
Product   : Virtuoso(R) XStream Out
Program   : @(#)$CDS: strmout version 6.1.8-64b 01/30/2024 20:01 (cpgbld02) $
          : sub-version  IC6.1.8-64b.500.35 
Started at: 10-Aug-2025  18:51:30
User Name : cs199-anb
Host Name : eda-2.EECS.Berkeley.EDU
Directory : /home/aa/users/cs199-anb/Desktop/tvip-analog-workspace
CADENCE Design Systems, Inc.
********************************************************************************
Info: Cellview Rev Num:99,  Tech Rev Num:59

WARNING (XSTRM-20): Output Stream file '/home/aa/users/cs199-anb/Desktop/tvip-analog-workspace/ring_osc/ring_osc/ring_osc.gds' already exists. It will be overwritten.
INFO (XSTRM-217): Reading the layer map file, /home/aa/users/cs199-anb/Desktop/tvip-analog-workspace/libs/sky130_fd_pr_main/sky130_fd_pr_main.layermap
INFO (XSTRM-162): You have not used the '-viaMap' option. If the OpenAccess design has native oaVia instances, use the '-viaMap' option for preserving oaVia instances in a XStream Out - XStream In round trip. Using the '-viaMap' option improves performance and VM usage of applications using the Streamed-In design.

Summary of Options :
library                                 ring_osc
strmFile                                /home/aa/users/cs199-anb/Desktop/tvip-analog-workspace/ring_osc/ring_osc/ring_osc.gds
topCell                                 ring_osc
view                                    layout
runDir                                  /home/aa/users/cs199-anb/Desktop/tvip-analog-workspace/ring_osc/ring_osc
logFile                                 /home/aa/users/cs199-anb/Desktop/tvip-analog-workspace/ring_osc/ring_osc/PIPO1.LOG
techLib                                 sky130_fd_pr_main
hierDepth                               32
maxVertices                             2048
layerMap                                /home/aa/users/cs199-anb/Desktop/tvip-analog-workspace/libs/sky130_fd_pr_main/sky130_fd_pr_main.layermap
userSkillFile                           /home/aa/users/cs199-anb/Desktop/tvip-analog-workspace/ring_osc/ring_osc/strmout.il
labelDepth                              32
case                                    Preserve
convertDot                              node

INFO (XSTRM-223): 1. Translating stdVia sky130_fd_pr_main/L1M1_C/layout as STRUCTURE L1M1_C_CDNS_754877090680.
INFO (XSTRM-223): 2. Translating stdVia sky130_fd_pr_main/M1M2_C/layout as STRUCTURE M1M2_C_CDNS_754877090681.
INFO (XSTRM-223): 3. Translating stdVia sky130_fd_pr_main/M1M2_C/layout as STRUCTURE M1M2_C_CDNS_754877090682.
INFO (XSTRM-223): 4. Translating customVia sky130_fd_pr_main/polyConn/layout as STRUCTURE polyConn_CDNS_754877090680.
INFO (XSTRM-223): 5. Translating stdVia sky130_fd_pr_main/L1M1_C/layout as STRUCTURE L1M1_C_CDNS_754877090683.
INFO (XSTRM-223): 6. Translating stdVia sky130_fd_pr_main/M1M2_C/layout as STRUCTURE M1M2_C_CDNS_754877090684.
INFO (XSTRM-223): 7. Translating stdVia sky130_fd_pr_main/L1M1_C/layout as STRUCTURE L1M1_C_CDNS_754877090685.
INFO (XSTRM-223): 8. Translating stdVia sky130_fd_pr_main/L1M1_C/layout as STRUCTURE L1M1_C_CDNS_754877090686.
INFO (XSTRM-223): 9. Translating stdVia sky130_fd_pr_main/M1M2_C/layout as STRUCTURE M1M2_C_CDNS_754877090687.
INFO (XSTRM-223): 10. Translating stdVia sky130_fd_pr_main/M1M2_C/layout as STRUCTURE M1M2_C_CDNS_754877090688.
INFO (XSTRM-223): 11. Translating stdVia sky130_fd_pr_main/M2M3_C/layout as STRUCTURE M2M3_C_CDNS_754877090689.
INFO (XSTRM-223): 12. Translating stdVia sky130_fd_pr_main/PYL1CON_C/layout as STRUCTURE PYL1CON_C_CDNS_7548770906810.
INFO (XSTRM-223): 13. Translating stdVia sky130_fd_pr_main/M1M2_C/layout as STRUCTURE M1M2_C_CDNS_7548770906811.
INFO (XSTRM-223): 14. Translating stdVia sky130_fd_pr_main/M1M2_C/layout as STRUCTURE M1M2_C_CDNS_7548770906812.
INFO (XSTRM-223): 15. Translating stdVia sky130_fd_pr_main/M3M4_C/layout as STRUCTURE M3M4_C_CDNS_7548770906813.
INFO (XSTRM-223): 16. Translating customVia sky130_fd_pr_main/polyConn/layout as STRUCTURE polyConn_CDNS_754877090681.
INFO (XSTRM-223): 17. Translating stdVia sky130_fd_pr_main/L1M1_C/layout as STRUCTURE L1M1_C_CDNS_7548770906814.
INFO (XSTRM-223): 18. Translating stdVia sky130_fd_pr_main/M1M2_C/layout as STRUCTURE M1M2_C_CDNS_7548770906815.
INFO (XSTRM-223): 19. Translating stdVia sky130_fd_pr_main/M1M2_C/layout as STRUCTURE M1M2_C_CDNS_7548770906816.
INFO (XSTRM-223): 20. Translating stdVia sky130_fd_pr_main/L1M1_C/layout as STRUCTURE L1M1_C_CDNS_7548770906817.
INFO (XSTRM-223): 21. Translating stdVia sky130_fd_pr_main/M1M2_C/layout as STRUCTURE M1M2_C_CDNS_7548770906818.
INFO (XSTRM-223): 22. Translating stdVia sky130_fd_pr_main/M2M3_C/layout as STRUCTURE M2M3_C_CDNS_7548770906819.
INFO (XSTRM-223): 23. Translating stdVia sky130_fd_pr_main/L1M1_C/layout as STRUCTURE L1M1_C_CDNS_7548770906820.
INFO (XSTRM-223): 24. Translating stdVia sky130_fd_pr_main/M1M2_C/layout as STRUCTURE M1M2_C_CDNS_7548770906821.
INFO (XSTRM-223): 25. Translating stdVia sky130_fd_pr_main/M2M3_C/layout as STRUCTURE M2M3_C_CDNS_7548770906822.
INFO (XSTRM-223): 26. Translating stdVia sky130_fd_pr_main/L1M1_C/layout as STRUCTURE L1M1_C_CDNS_7548770906823.
INFO (XSTRM-223): 27. Translating stdVia sky130_fd_pr_main/M1M2_C/layout as STRUCTURE M1M2_C_CDNS_7548770906824.
INFO (XSTRM-223): 28. Translating stdVia sky130_fd_pr_main/M2M3_C/layout as STRUCTURE M2M3_C_CDNS_7548770906825.
INFO (XSTRM-223): 29. Translating stdVia sky130_fd_pr_main/M1M2_C/layout as STRUCTURE M1M2_C_CDNS_7548770906826.
INFO (XSTRM-223): 30. Translating stdVia sky130_fd_pr_main/M2M3_C/layout as STRUCTURE M2M3_C_CDNS_7548770906827.
INFO (XSTRM-223): 31. Translating stdVia sky130_fd_pr_main/M1M2_C/layout as STRUCTURE M1M2_C_CDNS_7548770906828.
INFO (XSTRM-223): 32. Translating stdVia sky130_fd_pr_main/L1M1_C/layout as STRUCTURE L1M1_C_CDNS_7548770906829.
INFO (XSTRM-223): 33. Translating stdVia sky130_fd_pr_main/M1M2_C/layout as STRUCTURE M1M2_C_CDNS_7548770906830.
INFO (XSTRM-223): 34. Translating stdVia sky130_fd_pr_main/L1M1_C/layout as STRUCTURE L1M1_C_CDNS_7548770906831.
INFO (XSTRM-223): 35. Translating stdVia sky130_fd_pr_main/M1M2_C/layout as STRUCTURE M1M2_C_CDNS_7548770906832.
INFO (XSTRM-223): 36. Translating stdVia sky130_fd_pr_main/L1M1_C/layout as STRUCTURE L1M1_C_CDNS_7548770906833.
INFO (XSTRM-223): 37. Translating stdVia sky130_fd_pr_main/M1M2_C/layout as STRUCTURE M1M2_C_CDNS_7548770906834.
INFO (XSTRM-223): 38. Translating stdVia sky130_fd_pr_main/M2M3_C/layout as STRUCTURE M2M3_C_CDNS_7548770906835.
INFO (XSTRM-223): 39. Translating stdVia sky130_fd_pr_main/L1M1_C/layout as STRUCTURE L1M1_C_CDNS_7548770906836.
INFO (XSTRM-223): 40. Translating stdVia sky130_fd_pr_main/M1M2_C/layout as STRUCTURE M1M2_C_CDNS_7548770906837.
INFO (XSTRM-223): 41. Translating stdVia sky130_fd_pr_main/L1M1_C/layout as STRUCTURE L1M1_C_CDNS_7548770906838.
INFO (XSTRM-223): 42. Translating stdVia sky130_fd_pr_main/M1M2_C/layout as STRUCTURE M1M2_C_CDNS_7548770906839.
INFO (XSTRM-223): 43. Translating stdVia sky130_fd_pr_main/M1M2_C/layout as STRUCTURE M1M2_C_CDNS_7548770906840.
INFO (XSTRM-223): 44. Translating stdVia sky130_fd_pr_main/L1M1_C/layout as STRUCTURE L1M1_C_CDNS_7548770906841.
INFO (XSTRM-223): 45. Translating stdVia sky130_fd_pr_main/M1M2_C/layout as STRUCTURE M1M2_C_CDNS_7548770906842.
INFO (XSTRM-223): 46. Translating stdVia sky130_fd_pr_main/L1M1_C/layout as STRUCTURE L1M1_C_CDNS_7548770906843.
INFO (XSTRM-223): 47. Translating cellView sky130_fd_pr_main/nfet_01v8/layout as STRUCTURE nfet_01v8_CDNS_754877090682.
INFO (XSTRM-223): 48. Translating cellView sky130_fd_pr_main/pfet_01v8/layout as STRUCTURE pfet_01v8_CDNS_754877090683.
INFO (XSTRM-223): 49. Translating cellView ring_osc/inverter_nmos4finger_6_2u/layout as STRUCTURE inverter_nmos4finger_6_2u.
INFO (XSTRM-180): You have not used the '-objectMap' option. The design has instance(s) of at least one of following OpenAccess objects: oaBlockage, oaBoundary, oaRow, and oaMarker. Any information about these objects will not be translated into the generated stream file. Use the '-objectMap' option to translate/preserve these objects using XStream.
INFO (XSTRM-223): 50. Translating cellView sky130_fd_pr_main/nfet_01v8/layout as STRUCTURE nfet_01v8_CDNS_754877090684.
INFO (XSTRM-223): 51. Translating cellView sky130_fd_pr_main/pfet_01v8/layout as STRUCTURE pfet_01v8_CDNS_754877090685.
INFO (XSTRM-223): 52. Translating cellView sky130_fd_pr_main/cap_mim_m3__base/layout as STRUCTURE cap_mim_m3__base_CDNS_754877090686.
INFO (XSTRM-223): 53. Translating customVia sky130_fd_pr_main/polyConn/layout as STRUCTURE polyConn_CDNS_754877090687.
INFO (XSTRM-223): 54. Translating stdVia sky130_fd_pr_main/M1M2_C/layout as STRUCTURE M1M2_C_CDNS_7548770906844.
INFO (XSTRM-223): 55. Translating stdVia sky130_fd_pr_main/L1M1_C/layout as STRUCTURE L1M1_C_CDNS_7548770906845.
INFO (XSTRM-223): 56. Translating stdVia sky130_fd_pr_main/L1M1_C/layout as STRUCTURE L1M1_C_CDNS_7548770906846.
INFO (XSTRM-223): 57. Translating stdVia sky130_fd_pr_main/M1M2_C/layout as STRUCTURE M1M2_C_CDNS_7548770906847.
INFO (XSTRM-223): 58. Translating stdVia sky130_fd_pr_main/M1M2_C/layout as STRUCTURE M1M2_C_CDNS_7548770906848.
INFO (XSTRM-223): 59. Translating cellView sky130_fd_pr_main/pfet_01v8/layout as STRUCTURE pfet_01v8_CDNS_754877090688.
INFO (XSTRM-223): 60. Translating cellView sky130_fd_pr_main/nfet_01v8/layout as STRUCTURE nfet_01v8_CDNS_754877090689.
INFO (XSTRM-223): 61. Translating cellView ring_osc/inverter_nmos3finger_3u/layout as STRUCTURE inverter_nmos3finger_3u.
INFO (XSTRM-223): 62. Translating cellView sky130_fd_pr_main/nfet_01v8/layout as STRUCTURE nfet_01v8_CDNS_7548770906810.
INFO (XSTRM-223): 63. Translating cellView sky130_fd_pr_main/res_xhigh_po_0p35/layout as STRUCTURE res_xhigh_po_0p35_CDNS_7548770906811.
INFO (XSTRM-223): 64. Translating cellView ring_osc/ring_osc/layout as STRUCTURE ring_osc.

Summary of Objects Translated:
	Scalar Instances:                       17
	Array Instances:                        0
	Polygons:                               0
	Paths:                                  0
	Rectangles:                             1228
	Lines:                                  0
	Arcs:                                   0
	Donuts:                                 0
	Dots:                                   0
	Ellipses:                               0
	Boundaries:                             0
	Area Blockages:                         0
	Layer Blockages:                        0
	Area Halos:                             0
	Markers:                                0
	Rows:                                   0
	Standard Vias                           320
	Custom Vias:                            5
	CdsGen Vias:                            0
	Pathsegs:                               143
	Text:                                   0
	TextDisplay:                            0
	Cells:                                  64

Elapsed Time: 0.4s   User Time: 0.1s   CPU Time: 0.1s   Peak VM: 8320KB
INFO (XSTRM-234): Translation completed. '0' error(s) and '1' warning(s) found.
