Virtuoso Framework License (111) was checked out successfully. Total checkout time was 0.03s.

Running simulation in directory: "/home/aa/users/cs199-anb/Desktop/tvip-analog-workspace/ring_osc/ring_osc/".

Loading sky130_fd_pr_main/libInit.il ...
	Loading sky130_fd_pr_main/loadCxt.ile ... done!
	Loading context 'sky130_fd_pr_main' from library 'sky130_fd_pr_main' ... done!
	Loading context 'pdkUtils' from library 'sky130_fd_pr_main' ... done!
	Loading sky130_fd_pr_main/libInitCktPro.il ... done!
	Loading sky130_fd_pr_main/libInitCustomExit.il ... 	Loading Environment Settings ...
done!
Loaded sky130_fd_pr_main/libInit.il successfully!
Loading hnlInit.cxt 
Running Artist Hierarchical Netlisting ...
Loading cdf.cxt 
WARNING (AUCDL-42): Terminal CURR_IN appearing in CDF termOrder for 
		component   : ring_osc
		in cellview : schematic
		of library  : ring_osc
is either invalid or duplicated. CDF termOrder for this component will be ignored.
Ensure that termOrder matches actual terminals in cellview and re-netlist to reflect any change in termOrder.
Nets will be printed in default terminal order for this component.

End netlisting Aug 10 18:51:31 2025

Running simin

Running runSim()...


Running runsim with simulator: "auCdl"
Begin simulation:    Aug 10 18:51:31 2025

auCdl netlisting completed
End simulation:      Aug 10 18:51:31 2025
INFO (AUCDL-21): (Analog) CDL netlisting completed successfully.